// Jest Snapshot v1, https://goo.gl/fbAQLP

exports[`Pruebas en <GifGridItem/> Debe de mostrar el contenido correctamente 1`] = `
<Fragment>
  <div
    className="card animate__animated animate__fadeIn"
  >
    <img />
    <p />
  </div>
</Fragment>
`;
